// Jest Snapshot v1, https://goo.gl/fbAQLP

exports[`should be safe even if _ prefixed name also exists 1`] = `
"let _module2 = 5;
let _module = 6;"
`;

exports[`should not modify variables in deeper scopes 1`] = `
"function bar(a) {
  const module = 'foo';
  return module + 'ooo';
}

const foobar = module => bar(module);"
`;

exports[`should work with a simple module 1`] = `
"let _module = 'f';
_module += 'oo';

export { _module as module };"
`;

exports[`should work with object property shorthands 1`] = `
"const _module = 'foo';
const foo = { module: _module };"
`;

exports[`should work with the example case in README 1`] = `
"// Gets renamed because the variable is in the top level of the file
let _module = 'f';
_module += 'oo';

function bar() {
  // Doesn't get renamed because the variable is in a function
  const module = 'foo';
  return module + 'ooo';
}

export { _module as module };"
`;

exports[`should work work with multiple variables 1`] = `
"let _module = 5;
const _exports = 6;
const foobar = 8;"
`;
